Event MapLoad test13.map
# az elso kigyonak meg kell halnia, a masodiknak sertetlennek maradnia
Event Step 1
StepEvent Snake_Snake 2
StepEvent SnakeDie
End Step
Event Step 2
End Step
Event Exit