Event MapLoad test1.map
# itt a bemeneti fajlhoz hasonlo, vele azonos helyzetet eloallito parancsoknak kell szerepelnie, es letre kell jonnie egy test1_output.map-nek, test1.map-pal azonos terkepet generalo tartalommal
load test1_output.map
addplayer 1
addsnake 1 1 0 1 1 0
2 1
endsnake
Event Exit
