Event MapLoad test19.map
Event Step 1
StepEvent Snake_StoneBerry
End Step
Event Step 1
StepEvent Snake_StoneBerry
End Step
Event StoneStep 1
Event Step 1
End Step
Event StoneStep 1
Event StoneStep 1
Event Step 1
End Step
Event Step 1
End Step
Event Step 1
StepEvent Snake_Wall
StepEvent SnakeDie 1
End Step
