Event MapLoad test15.map
# az elso lep eloszor, megeszi a masodik fejet, a masodik meghal, igy lepni sem fog
Event Step 1
StepEvent Snake_Snake 2
StepEvent SnakeDie 2
End Step
Event Exit