Event MapLoad test10.map
Event Step 1
StepEvent Snake_Snake 1
StepEvent SnakeDie
End Step
Event Exit