Event MapLoad test14.map
# a masodik kigyonak meg kell halnia, az elsonek sertetlennek maradnia, es miutan az elso lepett, a masodik mar nem is tud
Event Step 1
StepEvent Snake_Snake 2
StepEvent SnakeDie 2
StepEvent SnakeModeNormal
End Step
Event Exit