Event MapLoad test18.map
Event Step 1
StepEvent Snake_StoneBerry
End Step
Event Exit