Event MapLoad test7.map
Event Step 1
StepEvent Snake_SawBerry
End Step
Event Exit
